I'm sorry, but errors were detected in your script. Please correct the
errors listed below, and try again.


File "game/script.rpy", line 162: expected statement.
    "TBC....." size 100
                       ^

Ren'Py Version: Ren'Py 7.3.5.606
Sun Nov  1 03:07:57 2020
